e3 CREATING 0
e3 CREATING 0
e3 CREATING 0
e3 CREATING 0
e3 CREATING 0
e3 CREATING 0
e3 CREATING 0
e3 CREATING 0
e3 CREATING 0
e3 CREATING 0
e3 CREATING 0
e3 CREATING 0
e3 CREATING 0
e3 CREATING 0
e3 CREATING 0
e3 CREATING 0
e3 CREATING 0
e3 CREATING 0
e3 CREATING 0
e3 CREATING 0
e3 CREATING 0
e3 CREATING 0
e3 CREATING 0
e3 CREATING 0
e3 CREATING 0
e3 CREATING 0
e3 CREATING 0
e3 CREATING 0
e3 CREATING 0
e3 CREATING 0
e3 CREATING 0
e3 CREATING 0
e3 CREATING 0
e3 CREATING 0
e3 CREATING 0
e3 CREATING 0
e3 CREATING 0
e3 CREATING 0
e3 CREATING 0
e3 CREATING 0
e3 CREATING 0
e3 CREATING 0
e3 CREATING 0
e3 CREATING 0
e3 CREATING 0
e3 CREATING 0
e3 CREATING 0
e3 CREATING 0
e3 CREATING 0
e3 CREATING 0
e3 CREATING 0
e3 CREATING 0
Traceback (most recent call last):
  File "/Users/nathanwang/Projects/dn-hacks-brainstorm/finetuning/ministral_run.py", line 284, in <module>
    sample(phase)
    ~~~~~~^^^^^^^
  File "/Users/nathanwang/Projects/dn-hacks-brainstorm/finetuning/ministral_run.py", line 206, in sample
    raise TimeoutError("Deployment readiness deadline")
TimeoutError: Deployment readiness deadline
